------------------------------------------------------------
Timing Analyzer Summary
------------------------------------------------------------

Type  : Slow 1200mV 85C Model Setup 'CLOCK_50'
Slack : -2.397
TNS   : -114.310

Type  : Slow 1200mV 85C Model Hold 'CLOCK_50'
Slack : 0.404
TNS   : 0.000

Type  : Slow 1200mV 85C Model Recovery 'CLOCK_50'
Slack : -1.343
TNS   : -20.662

Type  : Slow 1200mV 85C Model Removal 'CLOCK_50'
Slack : 1.412
TNS   : 0.000

Type  : Slow 1200mV 85C Model Minimum Pulse Width 'CLOCK_50'
Slack : -3.000
TNS   : -151.950

Type  : Slow 1200mV 0C Model Setup 'CLOCK_50'
Slack : -2.117
TNS   : -98.050

Type  : Slow 1200mV 0C Model Hold 'CLOCK_50'
Slack : 0.356
TNS   : 0.000

Type  : Slow 1200mV 0C Model Recovery 'CLOCK_50'
Slack : -1.164
TNS   : -17.864

Type  : Slow 1200mV 0C Model Removal 'CLOCK_50'
Slack : 1.331
TNS   : 0.000

Type  : Slow 1200mV 0C Model Minimum Pulse Width 'CLOCK_50'
Slack : -3.000
TNS   : -151.070

Type  : Fast 1200mV 0C Model Setup 'CLOCK_50'
Slack : -0.888
TNS   : -41.033

Type  : Fast 1200mV 0C Model Hold 'CLOCK_50'
Slack : 0.160
TNS   : 0.000

Type  : Fast 1200mV 0C Model Recovery 'CLOCK_50'
Slack : -0.914
TNS   : -14.236

Type  : Fast 1200mV 0C Model Removal 'CLOCK_50'
Slack : 1.399
TNS   : 0.000

Type  : Fast 1200mV 0C Model Minimum Pulse Width 'CLOCK_50'
Slack : -3.000
TNS   : -126.117

------------------------------------------------------------
